node.exe : - 
Generating browser 
application bundles 
(phase: setup)...
At C:\Users\joshu\App
Data\Roaming\npm\ng.p
s1:24 char:5
+     & "node$exe"  "
$basedir/node_modules
/@angular/cli/bin/ng.
js" $arg ...
+     ~~~~~~~~~~~~~~~
~~~~~~~~~~~~~~~~~~~~~
~~~~~~~~~~~~~~~~~~~~~
~~~~~~~~
    + CategoryInfo   
           : NotSpe  
  cified: (- Gener   
 ating br...hase:    
 setup)...:Strin    
g) [], RemoteExc    
eption
    + FullyQualified 
   ErrorId : Native  
  CommandError
 
Γ£ö Browser 
application bundle 
generation complete.
Γ£ö Browser 
application bundle 
generation complete.

Warning: C:/Users/jos
hu/OneDrive/Desktop/S
hotClock/src/app/core
/components/navbar/na
vbar.component.css 
exceeded maximum 
budget. Budget 2.00 
kB was not met by 
1.09 kB with a total 
of 3.09 kB.

Warning: C:/Users/jos
hu/OneDrive/Desktop/S
hotClock/src/app/feat
ures/dashboard/pages/
overview/dashboard-ov
erview.component.css 
exceeded maximum 
budget. Budget 2.00 
kB was not met by 
154 bytes with a 
total of 2.15 kB.

Warning: C:/Users/jos
hu/OneDrive/Desktop/S
hotClock/src/app/feat
ures/landing/pages/ho
me/home.component.css
 exceeded maximum 
budget. Budget 2.00 
kB was not met by 
4.25 kB with a total 
of 6.25 kB.

Warning: C:/Users/jos
hu/OneDrive/Desktop/S
hotClock/src/app/shar
ed/components/login-m
odal/login-modal.comp
onent.css exceeded 
maximum budget. 
Budget 2.00 kB was 
not met by 75 bytes 
with a total of 2.07 
kB.



Error: C:/Users/joshu
/OneDrive/Desktop/Sho
tClock/src/app/featur
es/landing/pages/home
/home.component.css 
exceeded maximum 
budget. Budget 4.00 
kB was not met by 
2.25 kB with a total 
of 6.25 kB.


